// Jest Snapshot v1, https://goo.gl/fbAQLP

exports[`Componont Indecision debe hacer match con Snapshoot 1`] = `
<!-- <img src="https://via.placeholder.com/250" alt="bg"> -->
<!--v-if-->
<div class="bg-dark"></div>
<div class="indecision-container"><input type="text" placeholder="Hazme una pregunta">
  <p>Recuerda terminar con signo de interrogacion (?)</p>
  <!--v-if-->
</div>
`;
