// Jest Snapshot v1, https://goo.gl/fbAQLP

exports[`PokemonPage debe de hacer match con el snapshot 1`] = `
<h1>Espere por favor ...</h1>
<!--v-if-->
`;

exports[`PokemonPage debe de hacer match con el snapshot cuando carga los pokemon 1`] = `
<div>
  <h1>Quien es ese Pokemon?</h1>
  <pokemon-picture-stub pokemonid="2" showpokemon="false"></pokemon-picture-stub>
  <pokemon-option-stub pokemons="[object Object],[object Object],[object Object],[object Object]"></pokemon-option-stub>
</div>
<!--v-if-->
`;
